TSM: CIK 0001046179
  → out/TSM_gate_input.json / TSM_hits.txt
UI: CIK 0001511737
  → out/UI_gate_input.json / UI_hits.txt
COLL: CIK 0001267565
  → out/COLL_gate_input.json / COLL_hits.txt
GCT: CIK 0001857816
  → out/GCT_gate_input.json / GCT_hits.txt
RMBS: CIK 0000917273
  → out/RMBS_gate_input.json / RMBS_hits.txt
MELI: CIK 0001099590
  → out/MELI_gate_input.json / MELI_hits.txt
NBIX: CIK 0000914475
  → out/NBIX_gate_input.json / NBIX_hits.txt
GEN: CIK 0000849399
  → out/GEN_gate_input.json / GEN_hits.txt
TDG: CIK 0001260221
  → out/TDG_gate_input.json / TDG_hits.txt
ULTA: CIK 0001403568
  → out/ULTA_gate_input.json / ULTA_hits.txt
